Parsed test spec with 3 sessions

starting permutation: s3_mk_sn s1_trunc s3_mk_sn s1_ins s3_mk_sn s1_del s1_upd s3_sw_1 s1_sel s2_sel s3_sw_2 s1_sel s2_sel s3_sw_3 s1_sel s2_sel s3_sw_0 s1_sel s2_sel
step s3_mk_sn: 
	select 1 from pg_make_snapshot();

?column?       

1              
step s1_trunc: 
	truncate table t1;

step s3_mk_sn: 
	select 1 from pg_make_snapshot();

?column?       

1              
step s1_ins: 
	insert into t1
	select generate_series as id, trim( to_char( generate_series, '000' ) ) as "name"
  from generate_series( 20, 30 );

step s3_mk_sn: 
	select 1 from pg_make_snapshot();

?column?       

1              
step s1_del: 
	delete from t1 where id < 25;

step s1_upd: 
	update t1 set "name" = "name" || '_update_1'
	where id > 25;

step s3_sw_1: 
	select pg_switch_to_snapshot( ( select recent_snapshot - 2 from pg_control_snapshot() ) );

pg_switch_to_snapshot

               
step s1_sel: 
	select * from t1 order by id;

id             name           

1              001            
2              002            
3              003            
4              004            
5              005            
6              006            
7              007            
8              008            
9              009            
10             010            
step s2_sel: 
	select * from t1 order by id;

id             name           

1              001            
2              002            
3              003            
4              004            
5              005            
6              006            
7              007            
8              008            
9              009            
10             010            
step s3_sw_2: 
	select pg_switch_to_snapshot( ( select recent_snapshot - 1 from pg_control_snapshot() ) );

pg_switch_to_snapshot

               
step s1_sel: 
	select * from t1 order by id;

id             name           

step s2_sel: 
	select * from t1 order by id;

id             name           

step s3_sw_3: 
	select pg_switch_to_snapshot( ( select recent_snapshot from pg_control_snapshot() ) );

pg_switch_to_snapshot

               
step s1_sel: 
	select * from t1 order by id;

id             name           

20             020            
21             021            
22             022            
23             023            
24             024            
25             025            
26             026            
27             027            
28             028            
29             029            
30             030            
step s2_sel: 
	select * from t1 order by id;

id             name           

20             020            
21             021            
22             022            
23             023            
24             024            
25             025            
26             026            
27             027            
28             028            
29             029            
30             030            
step s3_sw_0: 
	select pg_switch_to_snapshot( 0 );

pg_switch_to_snapshot

               
step s1_sel: 
	select * from t1 order by id;

id             name           

25             025            
26             026_update_1   
27             027_update_1   
28             028_update_1   
29             029_update_1   
30             030_update_1   
step s2_sel: 
	select * from t1 order by id;

id             name           

25             025            
26             026_update_1   
27             027_update_1   
28             028_update_1   
29             029_update_1   
30             030_update_1   

starting permutation: s3_mk_sn s1_trunc s3_mk_sn s1_ins s3_mk_sn s1_del s1_upd s2_sb_1 s1_sel s2_sel s2_sb_2 s1_sel s2_sel s2_sb_3 s1_sel s2_sel s2_sb_0 s1_sel s2_sel
step s3_mk_sn: 
	select 1 from pg_make_snapshot();

?column?       

1              
step s1_trunc: 
	truncate table t1;

step s3_mk_sn: 
	select 1 from pg_make_snapshot();

?column?       

1              
step s1_ins: 
	insert into t1
	select generate_series as id, trim( to_char( generate_series, '000' ) ) as "name"
  from generate_series( 20, 30 );

step s3_mk_sn: 
	select 1 from pg_make_snapshot();

?column?       

1              
step s1_del: 
	delete from t1 where id < 25;

step s1_upd: 
	update t1 set "name" = "name" || '_update_1'
	where id > 25;

step s2_sb_1: 
	select pg_set_backend_snapshot( ( select recent_snapshot - 2 from pg_control_snapshot() ) );

pg_set_backend_snapshot

               
step s1_sel: 
	select * from t1 order by id;

id             name           

25             025            
26             026_update_1   
27             027_update_1   
28             028_update_1   
29             029_update_1   
30             030_update_1   
step s2_sel: 
	select * from t1 order by id;

id             name           

1              001            
2              002            
3              003            
4              004            
5              005            
6              006            
7              007            
8              008            
9              009            
10             010            
step s2_sb_2: 
	select pg_set_backend_snapshot( ( select recent_snapshot - 1 from pg_control_snapshot() ) );

pg_set_backend_snapshot

               
step s1_sel: 
	select * from t1 order by id;

id             name           

25             025            
26             026_update_1   
27             027_update_1   
28             028_update_1   
29             029_update_1   
30             030_update_1   
step s2_sel: 
	select * from t1 order by id;

id             name           

step s2_sb_3: 
	select pg_set_backend_snapshot( ( select recent_snapshot from pg_control_snapshot() ) );

pg_set_backend_snapshot

               
step s1_sel: 
	select * from t1 order by id;

id             name           

25             025            
26             026_update_1   
27             027_update_1   
28             028_update_1   
29             029_update_1   
30             030_update_1   
step s2_sel: 
	select * from t1 order by id;

id             name           

20             020            
21             021            
22             022            
23             023            
24             024            
25             025            
26             026            
27             027            
28             028            
29             029            
30             030            
step s2_sb_0: 
	select pg_set_backend_snapshot( 0 );

pg_set_backend_snapshot

               
step s1_sel: 
	select * from t1 order by id;

id             name           

25             025            
26             026_update_1   
27             027_update_1   
28             028_update_1   
29             029_update_1   
30             030_update_1   
step s2_sel: 
	select * from t1 order by id;

id             name           

25             025            
26             026_update_1   
27             027_update_1   
28             028_update_1   
29             029_update_1   
30             030_update_1   

starting permutation: s3_mk_sn s1_trunc s3_mk_sn s1_ins s3_mk_sn s1_del s1_upd s1_sel s2_sel s3_rc_sn s1_sel s2_sel s3_rc_sn s1_sel s2_sel s3_rc_sn s1_sel s2_sel s3_mk_sn
step s3_mk_sn: 
	select 1 from pg_make_snapshot();

?column?       

1              
step s1_trunc: 
	truncate table t1;

step s3_mk_sn: 
	select 1 from pg_make_snapshot();

?column?       

1              
step s1_ins: 
	insert into t1
	select generate_series as id, trim( to_char( generate_series, '000' ) ) as "name"
  from generate_series( 20, 30 );

step s3_mk_sn: 
	select 1 from pg_make_snapshot();

?column?       

1              
step s1_del: 
	delete from t1 where id < 25;

step s1_upd: 
	update t1 set "name" = "name" || '_update_1'
	where id > 25;

step s1_sel: 
	select * from t1 order by id;

id             name           

25             025            
26             026_update_1   
27             027_update_1   
28             028_update_1   
29             029_update_1   
30             030_update_1   
step s2_sel: 
	select * from t1 order by id;

id             name           

25             025            
26             026_update_1   
27             027_update_1   
28             028_update_1   
29             029_update_1   
30             030_update_1   
step s3_rc_sn: 
  select pg_recover_to_snapshot( ( select recent_snapshot from pg_control_snapshot() ) );

pg_recover_to_snapshot

               
step s1_sel: 
	select * from t1 order by id;

id             name           

20             020            
21             021            
22             022            
23             023            
24             024            
25             025            
26             026            
27             027            
28             028            
29             029            
30             030            
step s2_sel: 
	select * from t1 order by id;

id             name           

20             020            
21             021            
22             022            
23             023            
24             024            
25             025            
26             026            
27             027            
28             028            
29             029            
30             030            
step s3_rc_sn: 
  select pg_recover_to_snapshot( ( select recent_snapshot from pg_control_snapshot() ) );

pg_recover_to_snapshot

               
step s1_sel: 
	select * from t1 order by id;

id             name           

step s2_sel: 
	select * from t1 order by id;

id             name           

step s3_rc_sn: 
  select pg_recover_to_snapshot( ( select recent_snapshot from pg_control_snapshot() ) );

pg_recover_to_snapshot

               
step s1_sel: 
	select * from t1 order by id;

id             name           

1              001            
2              002            
3              003            
4              004            
5              005            
6              006            
7              007            
8              008            
9              009            
10             010            
step s2_sel: 
	select * from t1 order by id;

id             name           

1              001            
2              002            
3              003            
4              004            
5              005            
6              006            
7              007            
8              008            
9              009            
10             010            
step s3_mk_sn: 
	select 1 from pg_make_snapshot();

?column?       

1              
