Parsed test spec with 3 sessions

starting permutation: s3_mk_sn s1_cr s3_mk_sn s1_check s1_ar s3_mk_sn s1_dr s1_check s2_check s3_sw_1 s1_check s2_check s3_sw_2 s1_check s2_check s3_sw_3 s1_check s2_check s3_sw_0 s1_check s2_check s3_teardown
step s3_mk_sn: 
	select 1 from pg_make_snapshot();

?column?       

1              
step s1_cr: 
	create role regressuser1 nologin;

step s3_mk_sn: 
	select 1 from pg_make_snapshot();

?column?       

1              
step s1_check: 
	select rolname, rolcanlogin from pg_roles where rolname in ( 'regressuser1', 'regressuser2' );

rolname        rolcanlogin    

regressuser1   f              
step s1_ar: 
	alter role regressuser1 rename to regressuser2;
	alter role regressuser2 login;

step s3_mk_sn: 
	select 1 from pg_make_snapshot();

?column?       

1              
step s1_dr: 
	drop role regressuser2;

step s1_check: 
	select rolname, rolcanlogin from pg_roles where rolname in ( 'regressuser1', 'regressuser2' );

rolname        rolcanlogin    

step s2_check: 
	select rolname, rolcanlogin from pg_roles where rolname in ( 'regressuser1', 'regressuser2' );

rolname        rolcanlogin    

step s3_sw_1: 
	select pg_switch_to_snapshot( ( select recent_snapshot - 2 from pg_control_snapshot() ) );

pg_switch_to_snapshot

               
step s1_check: 
	select rolname, rolcanlogin from pg_roles where rolname in ( 'regressuser1', 'regressuser2' );

rolname        rolcanlogin    

step s2_check: 
	select rolname, rolcanlogin from pg_roles where rolname in ( 'regressuser1', 'regressuser2' );

rolname        rolcanlogin    

step s3_sw_2: 
	select pg_switch_to_snapshot( ( select recent_snapshot - 1 from pg_control_snapshot() ) );

pg_switch_to_snapshot

               
step s1_check: 
	select rolname, rolcanlogin from pg_roles where rolname in ( 'regressuser1', 'regressuser2' );

rolname        rolcanlogin    

regressuser1   f              
step s2_check: 
	select rolname, rolcanlogin from pg_roles where rolname in ( 'regressuser1', 'regressuser2' );

rolname        rolcanlogin    

regressuser1   f              
step s3_sw_3: 
	select pg_switch_to_snapshot( ( select recent_snapshot from pg_control_snapshot() ) );

pg_switch_to_snapshot

               
step s1_check: 
	select rolname, rolcanlogin from pg_roles where rolname in ( 'regressuser1', 'regressuser2' );

rolname        rolcanlogin    

regressuser2   t              
step s2_check: 
	select rolname, rolcanlogin from pg_roles where rolname in ( 'regressuser1', 'regressuser2' );

rolname        rolcanlogin    

regressuser2   t              
step s3_sw_0: 
	select pg_switch_to_snapshot( 0 );

pg_switch_to_snapshot

               
step s1_check: 
	select rolname, rolcanlogin from pg_roles where rolname in ( 'regressuser1', 'regressuser2' );

rolname        rolcanlogin    

step s2_check: 
	select rolname, rolcanlogin from pg_roles where rolname in ( 'regressuser1', 'regressuser2' );

rolname        rolcanlogin    

step s3_teardown: 
	select pg_switch_to_snapshot( 0 );
	select pg_remove_snapshot( ( select recent_snapshot from pg_control_snapshot() ) );

pg_switch_to_snapshot

               
pg_remove_snapshot

               

starting permutation: s3_mk_sn s1_cr s3_mk_sn s1_check s1_ar s3_mk_sn s1_dr s1_check s2_check s3_rc_sn_2 s1_check s2_check s3_rc_sn
step s3_mk_sn: 
	select 1 from pg_make_snapshot();

?column?       

1              
step s1_cr: 
	create role regressuser1 nologin;

step s3_mk_sn: 
	select 1 from pg_make_snapshot();

?column?       

1              
step s1_check: 
	select rolname, rolcanlogin from pg_roles where rolname in ( 'regressuser1', 'regressuser2' );

rolname        rolcanlogin    

regressuser1   f              
step s1_ar: 
	alter role regressuser1 rename to regressuser2;
	alter role regressuser2 login;

step s3_mk_sn: 
	select 1 from pg_make_snapshot();

?column?       

1              
step s1_dr: 
	drop role regressuser2;

step s1_check: 
	select rolname, rolcanlogin from pg_roles where rolname in ( 'regressuser1', 'regressuser2' );

rolname        rolcanlogin    

step s2_check: 
	select rolname, rolcanlogin from pg_roles where rolname in ( 'regressuser1', 'regressuser2' );

rolname        rolcanlogin    

step s3_rc_sn_2: 
  select pg_recover_to_snapshot( ( select recent_snapshot - 1 from pg_control_snapshot() ) );

pg_recover_to_snapshot

               
step s1_check: 
	select rolname, rolcanlogin from pg_roles where rolname in ( 'regressuser1', 'regressuser2' );

rolname        rolcanlogin    

regressuser1   f              
step s2_check: 
	select rolname, rolcanlogin from pg_roles where rolname in ( 'regressuser1', 'regressuser2' );

rolname        rolcanlogin    

regressuser1   f              
step s3_rc_sn: 
  select pg_recover_to_snapshot( ( select recent_snapshot from pg_control_snapshot() ) );

pg_recover_to_snapshot

               
