Parsed test spec with 2 sessions

starting permutation: s1_mk_sn s1_tab_i s2_tab_i s1_mk_sn s2_tab_u s1_tab_s s2_tab_s s1_sw_sn_1 s1_tab_s s2_tab_s s1_sw_sn_2 s2_tab_u s1_tab_s s2_tab_s s1_sw_sn_0 s2_tab_u s1_tab_s s2_tab_s
step s1_mk_sn: 
	select 1 as "make_snapshot" from pg_make_snapshot();

make_snapshot  

1              
step s1_tab_i: 
	insert into foo ( name ) values ( 'some_text_sess_1' );

step s2_tab_i: 
	insert into foo ( name ) values ( 'some_text_sess_2' );

step s1_mk_sn: 
	select 1 as "make_snapshot" from pg_make_snapshot();

make_snapshot  

1              
step s2_tab_u: 
	update foo set name = name || '_upd_sess_2';

step s1_tab_s: 
	select * from foo order by id;

id             name           

1              some_text_sess_1_upd_sess_2
2              some_text_sess_2_upd_sess_2
step s2_tab_s: 
	select * from foo order by id;

id             name           

1              some_text_sess_1_upd_sess_2
2              some_text_sess_2_upd_sess_2
step s1_sw_sn_1: 
	select pg_switch_to_snapshot( ( select recent_snapshot - 1 from pg_control_snapshot() ) );

pg_switch_to_snapshot

               
step s1_tab_s: 
	select * from foo order by id;

id             name           

step s2_tab_s: 
	select * from foo order by id;

id             name           

step s1_sw_sn_2: 
	select pg_switch_to_snapshot( ( select recent_snapshot from pg_control_snapshot() ) );

pg_switch_to_snapshot

               
step s2_tab_u: 
	update foo set name = name || '_upd_sess_2';

ERROR:  Updates are prohibited in snapshot
step s1_tab_s: 
	select * from foo order by id;

id             name           

1              some_text_sess_1
2              some_text_sess_2
step s2_tab_s: 
	select * from foo order by id;

id             name           

1              some_text_sess_1
2              some_text_sess_2
step s1_sw_sn_0: 
	select pg_switch_to_snapshot( 0 );

pg_switch_to_snapshot

               
step s2_tab_u: 
	update foo set name = name || '_upd_sess_2';

step s1_tab_s: 
	select * from foo order by id;

id             name           

1              some_text_sess_1_upd_sess_2_upd_sess_2
2              some_text_sess_2_upd_sess_2_upd_sess_2
step s2_tab_s: 
	select * from foo order by id;

id             name           

1              some_text_sess_1_upd_sess_2_upd_sess_2
2              some_text_sess_2_upd_sess_2_upd_sess_2
