Parsed test spec with 1 sessions

starting permutation: s1_mk_sn
step s1_mk_sn: 
	select 1 as "make_snapshot" from pg_make_snapshot();
	select pg_get_snapshot_size( ( select recent_snapshot from pg_control_snapshot() ) );
	create table foo as select 'test_data';
	select pg_get_snapshot_size( ( select recent_snapshot from pg_control_snapshot() ) ) > 0 as size_not_zero;

make_snapshot  

1              
pg_get_snapshot_size

0              
size_not_zero  

t              
pg_remove_snapshot

               
